UG to STEP
! INFO-     NX STEP AP242 - V2506.8700
! INFO-      
! INFO-     Start of Translation: 4-JUN-2026  12:24:46 PM
! INFO-      
! STATUS-   Converting Part: F:\Azimuth\Assieme.prt
! STATUS-    
! STATUS-   Converting to Output Form (Phase 2 of 3): 4-JUN-2026 12:24:46 PM
! STATUS-    
! INFO-     Bspline aprx. value in effect for this translation :0.025400 milimeters 
! INFO-      
! INFO-           Summary of STEP Entities 
! INFO-      
! INFO-     Entity Type                                                   Count 
! INFO-     -----------                                                   ------ 
! INFO-     advanced_brep_shape_representation .......................:   3 
! INFO-     advanced_face ............................................:   248 
! INFO-     application_context ......................................:   1 
! INFO-     application_protocol_definition ..........................:   1 
! INFO-     axis2_placement_3d .......................................:   514 
! INFO-     b_spline_curve_with_knots ................................:   39 
! INFO-     b_spline_surface_with_knots ..............................:   4 
! INFO-     camera_model_d3 ..........................................:   32 
! INFO-     cartesian_point ..........................................:   1355 
! INFO-     circle ...................................................:   197 
! INFO-     closed_shell .............................................:   5 
! INFO-     colour_rgb ...............................................:   9 
! INFO-     conical_surface ..........................................:   57 
! INFO-     context_dependent_shape_representation ...................:   3 
! INFO-     cylindrical_surface ......................................:   56 
! INFO-     default_model_geometric_view .............................:   4 
! INFO-     direction ................................................:   1308 
! INFO-     draughting_model .........................................:   33 
! INFO-     draughting_pre_defined_colour ............................:   1 
! INFO-     edge_curve ...............................................:   521 
! INFO-     edge_loop ................................................:   310 
! INFO-     ellipse ..................................................:   5 
! INFO-     face_bound ...............................................:   312 
! INFO-     fill_area_style ..........................................:   60 
! INFO-     fill_area_style_colour ...................................:   60 
! INFO-     geometric_representation_context_and_global_uncertainty_a :   4 
! INFO-     item_defined_transformation ..............................:   3 
! INFO-     length_unit_and_si_unit ..................................:   1 
! INFO-     line .....................................................:   280 
! INFO-     manifold_solid_brep ......................................:   5 
! INFO-     mapped_item ..............................................:   33 
! INFO-     mechanical_design_and_draughting_relationship ............:   32 
! INFO-     mechanical_design_geometric_presentation_representation ..:   1 
! INFO-     model_geometric_view .....................................:   28 
! INFO-     next_assembly_usage_occurrence ...........................:   3 
! INFO-     oriented_edge ............................................:   1042 
! INFO-     planar_box ...............................................:   32 
! INFO-     plane ....................................................:   129 
! INFO-     plane_angle_unit_and_si_unit .............................:   1 
! INFO-     presentation_style_assignment ............................:   60 
! INFO-     product ..................................................:   4 
! INFO-     product_category .........................................:   4 
! INFO-     product_context ..........................................:   4 
! INFO-     product_definition .......................................:   4 
! INFO-     product_definition_context ...............................:   4 
! INFO-     product_definition_formation_with_specified_source .......:   4 
! INFO-     product_definition_shape .................................:   7 
! INFO-     product_related_product_category .........................:   4 
! INFO-     representation_map .......................................:   33 
! INFO-     representation_relationship_with_transformation_and_shape :   3 
! INFO-     shape_definition_representation ..........................:   4 
! INFO-     shape_representation .....................................:   4 
! INFO-     shape_representation_relationship ........................:   3 
! INFO-     si_unit_and_solid_angle_unit .............................:   1 
! INFO-     styled_item ..............................................:   60 
! INFO-     surface_side_style .......................................:   60 
! INFO-     surface_style_fill_area ..................................:   60 
! INFO-     surface_style_usage ......................................:   60 
! INFO-     toroidal_surface .........................................:   2 
! INFO-     uncertainty_measure_with_unit ............................:   4 
! INFO-     vector ...................................................:   280 
! INFO-     vertex_loop ..............................................:   2 
! INFO-     vertex_point .............................................:   341 
! INFO-     view_volume ..............................................:   32 
! INFO-                                                                  ------- 
! INFO-     Total                                                         7776 
! INFO-      
! INFO-     End of Translation: 4-JUN-2026  12:24:47 PM
! INFO-      
