UG to STEP
! INFO-     NX STEP AP242 - V2506.8700
! INFO-      
! INFO-     Start of Translation: 4-JUN-2026  12:26:57 PM
! INFO-      
! STATUS-   Converting Part: F:\Azimuth\Motorino.prt
! STATUS-    
! STATUS-   Converting to Output Form (Phase 2 of 3): 4-JUN-2026 12:26:57 PM
! STATUS-    
! INFO-     Bspline aprx. value in effect for this translation :0.025400 milimeters 
! INFO-      
! INFO-           Summary of STEP Entities 
! INFO-      
! INFO-     Entity Type                                                   Count 
! INFO-     -----------                                                   ------ 
! INFO-     advanced_brep_shape_representation .......................:   1 
! INFO-     advanced_face ............................................:   56 
! INFO-     application_context ......................................:   1 
! INFO-     application_protocol_definition ..........................:   1 
! INFO-     axis2_placement_3d .......................................:   119 
! INFO-     b_spline_curve_with_knots ................................:   4 
! INFO-     camera_model_d3 ..........................................:   8 
! INFO-     cartesian_point ..........................................:   301 
! INFO-     circle ...................................................:   46 
! INFO-     closed_shell .............................................:   1 
! INFO-     colour_rgb ...............................................:   8 
! INFO-     conical_surface ..........................................:   2 
! INFO-     cylindrical_surface ......................................:   16 
! INFO-     default_model_geometric_view .............................:   1 
! INFO-     direction ................................................:   310 
! INFO-     draughting_model .........................................:   9 
! INFO-     edge_curve ...............................................:   122 
! INFO-     edge_loop ................................................:   78 
! INFO-     face_bound ...............................................:   78 
! INFO-     fill_area_style ..........................................:   56 
! INFO-     fill_area_style_colour ...................................:   56 
! INFO-     geometric_representation_context_and_global_uncertainty_a :   1 
! INFO-     length_unit_and_si_unit ..................................:   1 
! INFO-     line .....................................................:   72 
! INFO-     manifold_solid_brep ......................................:   1 
! INFO-     mapped_item ..............................................:   9 
! INFO-     mechanical_design_and_draughting_relationship ............:   8 
! INFO-     mechanical_design_geometric_presentation_representation ..:   1 
! INFO-     model_geometric_view .....................................:   7 
! INFO-     oriented_edge ............................................:   244 
! INFO-     planar_box ...............................................:   8 
! INFO-     plane ....................................................:   38 
! INFO-     plane_angle_unit_and_si_unit .............................:   1 
! INFO-     presentation_style_assignment ............................:   56 
! INFO-     product ..................................................:   1 
! INFO-     product_category .........................................:   1 
! INFO-     product_context ..........................................:   1 
! INFO-     product_definition .......................................:   1 
! INFO-     product_definition_context ...............................:   1 
! INFO-     product_definition_formation_with_specified_source .......:   1 
! INFO-     product_definition_shape .................................:   1 
! INFO-     product_related_product_category .........................:   1 
! INFO-     representation_map .......................................:   9 
! INFO-     shape_definition_representation ..........................:   1 
! INFO-     shape_representation .....................................:   1 
! INFO-     shape_representation_relationship ........................:   1 
! INFO-     si_unit_and_solid_angle_unit .............................:   1 
! INFO-     styled_item ..............................................:   56 
! INFO-     surface_side_style .......................................:   56 
! INFO-     surface_style_fill_area ..................................:   56 
! INFO-     surface_style_usage ......................................:   56 
! INFO-     uncertainty_measure_with_unit ............................:   1 
! INFO-     vector ...................................................:   72 
! INFO-     vertex_point .............................................:   86 
! INFO-     view_volume ..............................................:   8 
! INFO-                                                                  ------- 
! INFO-     Total                                                         2133 
! INFO-      
! INFO-     End of Translation: 4-JUN-2026  12:26:58 PM
! INFO-      
