UG to STEP
! INFO-     NX STEP AP242 - V2506.8700
! INFO-      
! INFO-     Start of Translation: 4-JUN-2026  12:19:17 PM
! INFO-      
! STATUS-   Converting Part: F:\Azimuth\Supporto.prt
! STATUS-    
! STATUS-   Converting to Output Form (Phase 2 of 3): 4-JUN-2026 12:19:17 PM
! STATUS-    
! INFO-     Bspline aprx. value in effect for this translation :0.025400 milimeters 
! INFO-      
! INFO-           Summary of STEP Entities 
! INFO-      
! INFO-     Entity Type                                                   Count 
! INFO-     -----------                                                   ------ 
! INFO-     advanced_brep_shape_representation .......................:   1 
! INFO-     advanced_face ............................................:   127 
! INFO-     application_context ......................................:   1 
! INFO-     application_protocol_definition ..........................:   1 
! INFO-     axis2_placement_3d .......................................:   239 
! INFO-     b_spline_curve_with_knots ................................:   16 
! INFO-     camera_model_d3 ..........................................:   8 
! INFO-     cartesian_point ..........................................:   613 
! INFO-     circle ...................................................:   91 
! INFO-     closed_shell .............................................:   1 
! INFO-     colour_rgb ...............................................:   1 
! INFO-     conical_surface ..........................................:   41 
! INFO-     cylindrical_surface ......................................:   22 
! INFO-     default_model_geometric_view .............................:   1 
! INFO-     direction ................................................:   619 
! INFO-     draughting_model .........................................:   9 
! INFO-     edge_curve ...............................................:   252 
! INFO-     edge_loop ................................................:   161 
! INFO-     ellipse ..................................................:   4 
! INFO-     face_bound ...............................................:   163 
! INFO-     fill_area_style ..........................................:   1 
! INFO-     fill_area_style_colour ...................................:   1 
! INFO-     geometric_representation_context_and_global_uncertainty_a :   1 
! INFO-     length_unit_and_si_unit ..................................:   1 
! INFO-     line .....................................................:   141 
! INFO-     manifold_solid_brep ......................................:   1 
! INFO-     mapped_item ..............................................:   9 
! INFO-     mechanical_design_and_draughting_relationship ............:   8 
! INFO-     mechanical_design_geometric_presentation_representation ..:   1 
! INFO-     model_geometric_view .....................................:   7 
! INFO-     oriented_edge ............................................:   504 
! INFO-     planar_box ...............................................:   8 
! INFO-     plane ....................................................:   63 
! INFO-     plane_angle_unit_and_si_unit .............................:   1 
! INFO-     presentation_style_assignment ............................:   1 
! INFO-     product ..................................................:   1 
! INFO-     product_category .........................................:   1 
! INFO-     product_context ..........................................:   1 
! INFO-     product_definition .......................................:   1 
! INFO-     product_definition_context ...............................:   1 
! INFO-     product_definition_formation_with_specified_source .......:   1 
! INFO-     product_definition_shape .................................:   1 
! INFO-     product_related_product_category .........................:   1 
! INFO-     representation_map .......................................:   9 
! INFO-     shape_definition_representation ..........................:   1 
! INFO-     shape_representation .....................................:   1 
! INFO-     shape_representation_relationship ........................:   1 
! INFO-     si_unit_and_solid_angle_unit .............................:   1 
! INFO-     styled_item ..............................................:   1 
! INFO-     surface_side_style .......................................:   1 
! INFO-     surface_style_fill_area ..................................:   1 
! INFO-     surface_style_usage ......................................:   1 
! INFO-     toroidal_surface .........................................:   1 
! INFO-     uncertainty_measure_with_unit ............................:   1 
! INFO-     vector ...................................................:   141 
! INFO-     vertex_loop ..............................................:   2 
! INFO-     vertex_point .............................................:   161 
! INFO-     view_volume ..............................................:   8 
! INFO-                                                                  ------- 
! INFO-     Total                                                         3458 
! INFO-      
! INFO-     End of Translation: 4-JUN-2026  12:19:26 PM
! INFO-      
